127.0.0.1 - - [30/Apr/2016:18:39:31 -0500] "GET / HTTP/1.1" 404 951
0:0:0:0:0:0:0:1 - - [30/Apr/2016:18:39:43 -0500] "GET /messenger/webapi/profiles HTTP/1.1" 200 73
0:0:0:0:0:0:0:1 - - [30/Apr/2016:18:40:22 -0500] "GET /messenger/webapi/profiles/Sush HTTP/1.1" 405 1013
0:0:0:0:0:0:0:1 - - [30/Apr/2016:18:40:34 -0500] "GET /messenger/webapi/profiles/Sush HTTP/1.1" 405 1013
127.0.0.1 - - [30/Apr/2016:18:41:27 -0500] "GET / HTTP/1.1" 404 951
0:0:0:0:0:0:0:1 - - [30/Apr/2016:18:41:31 -0500] "GET /messenger/webapi/profiles/Sush HTTP/1.1" 405 1013
0:0:0:0:0:0:0:1 - - [30/Apr/2016:18:41:33 -0500] "GET /messenger/webapi/profiles/Sush HTTP/1.1" 405 1013
0:0:0:0:0:0:0:1 - - [30/Apr/2016:18:41:38 -0500] "GET /messenger/webapi/profiles/Sush HTTP/1.1" 405 1013
0:0:0:0:0:0:0:1 - - [30/Apr/2016:18:41:46 -0500] "GET /messenger/webapi/profiles HTTP/1.1" 200 73
0:0:0:0:0:0:0:1 - - [30/Apr/2016:18:41:55 -0500] "GET /messenger/webapi/profiles/sush HTTP/1.1" 405 1013
0:0:0:0:0:0:0:1 - - [30/Apr/2016:18:42:51 -0500] "GET /messenger/webapi/profiles HTTP/1.1" 200 73
0:0:0:0:0:0:0:1 - - [30/Apr/2016:18:44:05 -0500] "POST /messenger/webapi/profiles HTTP/1.1" 200 69
0:0:0:0:0:0:0:1 - - [30/Apr/2016:18:44:12 -0500] "GET /messenger/webapi/profiles HTTP/1.1" 200 143
0:0:0:0:0:0:0:1 - - [30/Apr/2016:18:45:51 -0500] "PUT /messenger/webapi/profiles/Ram HTTP/1.1" 200 65
0:0:0:0:0:0:0:1 - - [30/Apr/2016:18:46:01 -0500] "GET /messenger/webapi/profiles HTTP/1.1" 200 139
0:0:0:0:0:0:0:1 - - [30/Apr/2016:18:46:06 -0500] "GET /messenger/webapi/profiles/Ram HTTP/1.1" 405 1013
0:0:0:0:0:0:0:1 - - [30/Apr/2016:18:46:42 -0500] "DELETE /messenger/webapi/profiles/Ram HTTP/1.1" 204 -
0:0:0:0:0:0:0:1 - - [30/Apr/2016:18:46:47 -0500] "GET /messenger/webapi/profiles/Ram HTTP/1.1" 405 1013
0:0:0:0:0:0:0:1 - - [30/Apr/2016:18:46:53 -0500] "GET /messenger/webapi/profiles HTTP/1.1" 200 73
127.0.0.1 - - [30/Apr/2016:19:02:34 -0500] "GET / HTTP/1.1" 404 951
0:0:0:0:0:0:0:1 - - [30/Apr/2016:19:02:47 -0500] "GET /messenger/webapi/messages HTTP/1.1" 200 184
0:0:0:0:0:0:0:1 - - [30/Apr/2016:19:02:55 -0500] "GET /messenger/webapi/messages?year=2015 HTTP/1.1" 200 184
0:0:0:0:0:0:0:1 - - [30/Apr/2016:19:02:56 -0500] "GET /messenger/webapi/messages?year=2015 HTTP/1.1" 200 184
0:0:0:0:0:0:0:1 - - [30/Apr/2016:19:02:57 -0500] "GET /messenger/webapi/messages?year=2015 HTTP/1.1" 200 184
0:0:0:0:0:0:0:1 - - [30/Apr/2016:19:02:57 -0500] "GET /messenger/webapi/messages?year=2015 HTTP/1.1" 200 184
0:0:0:0:0:0:0:1 - - [30/Apr/2016:19:02:58 -0500] "GET /messenger/webapi/messages?year=2015 HTTP/1.1" 200 182
0:0:0:0:0:0:0:1 - - [30/Apr/2016:19:03:20 -0500] "GET /messenger/webapi/messages?year=2015 HTTP/1.1" 200 184
0:0:0:0:0:0:0:1 - - [30/Apr/2016:19:03:25 -0500] "GET /messenger/webapi/messages?year=2014 HTTP/1.1" 200 184
0:0:0:0:0:0:0:1 - - [30/Apr/2016:19:03:29 -0500] "GET /messenger/webapi/messages?year=adnb HTTP/1.1" 200 184
127.0.0.1 - - [30/Apr/2016:19:06:00 -0500] "GET / HTTP/1.1" 404 951
0:0:0:0:0:0:0:1 - - [30/Apr/2016:19:06:09 -0500] "GET /messenger/webapi/messages HTTP/1.1" 200 182
0:0:0:0:0:0:0:1 - - [30/Apr/2016:19:06:20 -0500] "GET /messenger/webapi/messages?start=2&size=1 HTTP/1.1" 200 184
0:0:0:0:0:0:0:1 - - [30/Apr/2016:19:06:22 -0500] "GET /messenger/webapi/messages?start=2&size=1 HTTP/1.1" 200 184
0:0:0:0:0:0:0:1 - - [30/Apr/2016:19:06:52 -0500] "GET /messenger/webapi/messages?start=1&size=1 HTTP/1.1" 200 184
127.0.0.1 - - [30/Apr/2016:19:43:21 -0500] "GET / HTTP/1.1" 404 951
0:0:0:0:0:0:0:1 - - [30/Apr/2016:19:43:26 -0500] "GET /messenger/webapi/messages/1/comments HTTP/1.1" 200 17
127.0.0.1 - - [30/Apr/2016:19:47:12 -0500] "GET / HTTP/1.1" 404 951
0:0:0:0:0:0:0:1 - - [30/Apr/2016:19:47:20 -0500] "GET /messenger/webapi/messages/1/comments/12 HTTP/1.1" 404 967
127.0.0.1 - - [30/Apr/2016:19:47:43 -0500] "GET / HTTP/1.1" 404 951
127.0.0.1 - - [30/Apr/2016:19:47:59 -0500] "GET / HTTP/1.1" 404 951
0:0:0:0:0:0:0:1 - - [30/Apr/2016:19:48:05 -0500] "GET /messenger/webapi/messages/1/comments/12 HTTP/1.1" 200 10
127.0.0.1 - - [30/Apr/2016:19:49:33 -0500] "GET / HTTP/1.1" 404 951
0:0:0:0:0:0:0:1 - - [30/Apr/2016:19:49:36 -0500] "GET /messenger/webapi/messages/1/comments/12 HTTP/1.1" 415 1092
127.0.0.1 - - [30/Apr/2016:19:50:38 -0500] "GET / HTTP/1.1" 404 951
0:0:0:0:0:0:0:1 - - [30/Apr/2016:19:50:41 -0500] "GET /messenger/webapi/messages/1/comments/12 HTTP/1.1" 200 12
127.0.0.1 - - [30/Apr/2016:19:53:12 -0500] "GET / HTTP/1.1" 404 951
0:0:0:0:0:0:0:1 - - [30/Apr/2016:19:53:16 -0500] "GET /messenger/webapi/messages/1/comments/12 HTTP/1.1" 200 25
0:0:0:0:0:0:0:1 - - [30/Apr/2016:19:53:23 -0500] "GET /messenger/webapi/messages/14232/comments/126464 HTTP/1.1" 200 33
127.0.0.1 - - [30/Apr/2016:20:14:26 -0500] "GET / HTTP/1.1" 404 951
0:0:0:0:0:0:0:1 - - [30/Apr/2016:20:14:46 -0500] "GET /messenger/webapi/messages HTTP/1.1" 200 184
0:0:0:0:0:0:0:1 - - [30/Apr/2016:20:15:14 -0500] "POST /messenger/webapi/messages HTTP/1.1" 201 85
0:0:0:0:0:0:0:1 - - [30/Apr/2016:20:15:44 -0500] "GET /messenger/webapi/messages HTTP/1.1" 200 270
127.0.0.1 - - [30/Apr/2016:20:23:26 -0500] "GET / HTTP/1.1" 404 951
0:0:0:0:0:0:0:1 - - [30/Apr/2016:20:23:59 -0500] "POST /messenger/webapi/messages HTTP/1.1" 201 87
0:0:0:0:0:0:0:1 - - [30/Apr/2016:20:24:14 -0500] "GET /messenger/webapi/messages HTTP/1.1" 200 272
127.0.0.1 - - [30/Apr/2016:20:32:59 -0500] "GET / HTTP/1.1" 404 951
0:0:0:0:0:0:0:1 - - [30/Apr/2016:20:33:18 -0500] "POST /messenger/webapi/messages HTTP/1.1" 201 87
0:0:0:0:0:0:0:1 - - [30/Apr/2016:20:33:28 -0500] "GET /messenger/webapi/messages HTTP/1.1" 200 272
127.0.0.1 - - [30/Apr/2016:20:43:21 -0500] "GET / HTTP/1.1" 404 951
0:0:0:0:0:0:0:1 - - [30/Apr/2016:20:43:38 -0500] "GET /messenger/webapi/messages/200 HTTP/1.1" 500 4432
127.0.0.1 - - [30/Apr/2016:20:58:44 -0500] "GET / HTTP/1.1" 404 951
0:0:0:0:0:0:0:1 - - [30/Apr/2016:20:59:13 -0500] "GET /messenger/webapi/messages/200 HTTP/1.1" 404 967
127.0.0.1 - - [30/Apr/2016:21:04:23 -0500] "GET / HTTP/1.1" 404 951
0:0:0:0:0:0:0:1 - - [30/Apr/2016:21:04:41 -0500] "GET /messenger/webapi/messages/200 HTTP/1.1" 404 100
127.0.0.1 - - [30/Apr/2016:21:08:52 -0500] "GET / HTTP/1.1" 404 951
0:0:0:0:0:0:0:1 - - [30/Apr/2016:21:08:56 -0500] "GET /messenger/webapi/messages/200 HTTP/1.1" 404 100
0:0:0:0:0:0:0:1 - - [30/Apr/2016:21:09:01 -0500] "GET /messenger/webapi/messa HTTP/1.1" 404 967
0:0:0:0:0:0:0:1 - - [30/Apr/2016:21:09:05 -0500] "GET /messenger/webapi/messa HTTP/1.1" 404 967
0:0:0:0:0:0:0:1 - - [30/Apr/2016:21:09:21 -0500] "GET /messenger/webapi/messa HTTP/1.1" 404 967
127.0.0.1 - - [30/Apr/2016:21:09:47 -0500] "GET / HTTP/1.1" 404 951
0:0:0:0:0:0:0:1 - - [30/Apr/2016:21:09:55 -0500] "GET /messenger/webapi/messa HTTP/1.1" 404 967
0:0:0:0:0:0:0:1 - - [30/Apr/2016:21:09:57 -0500] "GET /messenger/webapi/messa HTTP/1.1" 404 967
0:0:0:0:0:0:0:1 - - [30/Apr/2016:21:09:58 -0500] "GET /messenger/webapi/messa HTTP/1.1" 404 967
0:0:0:0:0:0:0:1 - - [30/Apr/2016:21:10:48 -0500] "GET /messenger/webapi/messa HTTP/1.1" 404 967
127.0.0.1 - - [30/Apr/2016:21:11:29 -0500] "GET / HTTP/1.1" 404 951
0:0:0:0:0:0:0:1 - - [30/Apr/2016:21:11:40 -0500] "GET /messenger/webapi/messa HTTP/1.1" 404 967
0:0:0:0:0:0:0:1 - - [30/Apr/2016:21:11:42 -0500] "GET /messenger/webapi/messa HTTP/1.1" 404 967
0:0:0:0:0:0:0:1 - - [30/Apr/2016:21:11:43 -0500] "GET /messenger/webapi/messa HTTP/1.1" 404 967
0:0:0:0:0:0:0:1 - - [30/Apr/2016:21:11:50 -0500] "GET /messenger/webapi/messages/200 HTTP/1.1" 404 100
0:0:0:0:0:0:0:1 - - [30/Apr/2016:21:11:57 -0500] "GET /messenger/webapi/messa HTTP/1.1" 404 967
127.0.0.1 - - [30/Apr/2016:21:14:53 -0500] "GET / HTTP/1.1" 404 951
0:0:0:0:0:0:0:1 - - [30/Apr/2016:21:14:59 -0500] "GET /messenger/webapi/messa HTTP/1.1" 500 205
0:0:0:0:0:0:0:1 - - [30/Apr/2016:21:15:08 -0500] "GET /messenger/webapi/messa HTTP/1.1" 500 205
